== Rigforge retry and dead-letter demo ==
date: 2026-10-05T09:07:59Z   target: http://localhost:8880

-- A. transient failure: storage disappears, the job is retried and recovers --
stopping the workers so the job waits in the stream
uploaded the sample clip; job 8a16cded-3f7d-460a-90ee-ba55e4690087
queue: XLEN jobs = 1, delayed = 0, dead = 0
taking object storage away (scaling MinIO to 0) and starting the workers
  t+  0s  status=queued attempt=1/3 retryAt=- error=-
  t+  1s  status=transcoding attempt=1/3 retryAt=- error=-
  (storage restored: scaling MinIO back to 1)
  t+ 17s  status=queued attempt=2/3 retryAt=2026-10-05T09:09:21.788334Z error=EndpointConnectionError: Could not connect to the endpoint URL: "http://minio:9000/rigforge-dev/assets/5bd172ad-c3e7-4e72-b4ad-9ed0e6d80493/source.mp4"
  t+ 77s  status=transcoding attempt=2/3 retryAt=- error=EndpointConnectionError: Could not connect to the endpoint URL: "http://minio:9000/rigforge-dev/assets/5bd172ad-c3e7-4e72-b4ad-9ed0e6d80493/source.mp4"
  t+ 78s  status=extracting attempt=2/3 retryAt=- error=EndpointConnectionError: Could not connect to the endpoint URL: "http://minio:9000/rigforge-dev/assets/5bd172ad-c3e7-4e72-b4ad-9ed0e6d80493/source.mp4"
  t+ 86s  status=done attempt=2/3 retryAt=- error=-
queue: XLEN jobs = 0, delayed = 0, dead = 0
result: the job failed once, waited 60 s, and succeeded on attempt 2

-- B. permanent failure: a video with nobody in it goes to the dead-letter stream --
uploaded a 2-second test pattern; job 675e1b34-3d9e-455f-967b-26c482cdabec
  t+  0s  status=transcoding attempt=1/3 retryAt=- error=-
  t+  1s  status=extracting attempt=1/3 retryAt=- error=-
  t+  4s  status=failed attempt=1/3 retryAt=- error=no person was detected for most of the video (only 5 of 60 frames); the video must show one person, head to feet, for most of its length
dead-letter stream: XLEN jobs:dead went from 0 to 1; newest entry:
    1791191376842-0
    jobId
    675e1b34-3d9e-455f-967b-26c482cdabec
    assetId
    a88d3b1e-d9f7-4c6c-aed2-c7726f634ccd
    type
    process_video
    attempt
    1
    error
    no person was detected for most of the video (only 5 of 60 frames); the video must show one person, head to feet, for most of its length
    failedAt
    1791191376.843
    consumer
    worker-568f5f7f46-kpjhd
result: failed on attempt 1 without retries; the error is on the job row and in jobs:dead

RESULT: PASS
